probe=/Users/alfonso/jjodel-w-staleedge/frontend/scripts/probe/stale-m1-edge.ts
CFG=/Users/alfonso/jjodel-w-staleedge/frontend/scripts/smoke/_tmp_lane_vite_3123.config.ts
url=http://localhost:3123/
server=200
PASS  project created  Pointer1791640966549_USER_2
PASS  metamodel imported  [{"id":"Pointer1791640981583_USER_4","name":"statemachine"}]
PASS  M1 model imported  [{"id":"Pointer1791640986590_USER_30","name":"sample-StateMachine"}]
PASS  subject found (object with two outgoing values, both vertices)  {"graphId":"Pointer1791640986590_USER_30_graph2","srcObj":"Pointer1791640986595_USER_45","srcName":"Running","valueId":"Pointer1791640986596_USER_53","refMeta":"Pointer1791640981586_USER_22","tgtObj":"Pointer1791640986605_USER_101","tgtName":"stop","index":0,"srcV":"Pointer1791640992716_USER_120","tgtV":"Pointer1791640992717_USER_132","values":["Pointer1791640986605_USER_101","Pointer1791640986606_USER_107"]}
MEAS  baseline  {"values":["Pointer1791640986605_USER_101","Pointer1791640986606_USER_107"],"D":"subElements 1 live (0 dangling ids in the graph), idlookup 1","known":"USER_138 lookup=1 subs=1","RF":"state 1 prop 1 store 1 dom 1","rfIds":"USER_138 top-0->bottom-0","totals":"state 18 prop 18 store 18 dom 18","srcHandles":"out:top-0 out:bottom-0 out:left-0 out:left-1 in:left-0 in:top-0 in:bottom-0 in:top-1"}
PASS  baseline: EditorV2 edges state located  {"editorFound":true,"hookIndex":2,"state":[{"id":"Pointer1791640992717_USER_138","hidden":false,"sourceHandle":"top-0","targetHandle":"bottom-0"}],"stateTotal":18,"prop":[{"id":"Pointer1791640992717_USER_138","hidden":false,"sourceHandle":"top-0","targetHandle":"bottom-0"}],"propTotal":18,"store":[{"id":"Pointer1791640992717_USER_138","hidden":false,"sourceHandle":"top-0","targetHandle":"bottom-0"}],"storeTotal":18,"domPair":1,"domPairIds":["Pointer1791640992717_USER_138"],"domTotal":18,"srcHandles":["out:top-0","out:bottom-0","out:left-0","out:left-1","in:left-0","in:top-0","in:bottom-0","in:top-1"]}
PASS  baseline: the pair has one D edge and one RF edge, drawn  {"d":1,"state":[{"id":"Pointer1791640992717_USER_138","hidden":false,"sourceHandle":"top-0","targetHandle":"bottom-0"}],"dom":1}
MEAS  R1 remove t=0s  {"values":["Pointer1791640986605_USER_101","Pointer1791640986606_USER_107"],"D":"subElements 1 live (0 dangling ids in the graph), idlookup 1","known":"USER_138 lookup=1 subs=1","RF":"state 1 prop 1 store 1 dom 1","rfIds":"USER_138 top-0->bottom-0","totals":"state 18 prop 18 store 18 dom 18","srcHandles":"out:top-0 out:bottom-0 out:left-0 out:left-1 in:left-0 in:top-0 in:bottom-0 in:top-1"}
MEAS  R1 remove t=1s  {"values":[null,"Pointer1791640986606_USER_107"],"D":"subElements 0 live (1 dangling ids in the graph), idlookup 0","known":"USER_138 lookup=0 subs=1","RF":"state 1 prop 1 store 1 dom 1","rfIds":"USER_138 top-0->bottom-0","totals":"state 18 prop 18 store 18 dom 18","srcHandles":"out:top-0 [D gone] out:bottom-0 out:left-0 out:left-1 in:left-0 in:top-0 in:bottom-0 in:top-1"}
MEAS  R1 remove t=5s  {"values":[null,"Pointer1791640986606_USER_107"],"D":"subElements 0 live (1 dangling ids in the graph), idlookup 0","known":"USER_138 lookup=0 subs=1","RF":"state 1 prop 1 store 1 dom 1","rfIds":"USER_138 top-0->bottom-0","totals":"state 18 prop 18 store 18 dom 18","srcHandles":"out:top-0 [D gone] out:bottom-0 out:left-0 out:left-1 in:left-0 in:top-0 in:bottom-0 in:top-1"}
PASS  R1 landed: the slot no longer holds the target  [null,"Pointer1791640986606_USER_107"]
MEAS  A1 add back t=0s  {"values":[null,"Pointer1791640986606_USER_107"],"D":"subElements 0 live (1 dangling ids in the graph), idlookup 0","known":"USER_138 lookup=0 subs=1","RF":"state 1 prop 1 store 1 dom 1","rfIds":"USER_138 top-0->bottom-0","totals":"state 18 prop 18 store 18 dom 18","srcHandles":"out:top-0 [D gone] out:bottom-0 out:left-0 out:left-1 in:left-0 in:top-0 in:bottom-0 in:top-1"}
MEAS  A1 add back t=1s  {"values":["Pointer1791640986605_USER_101","Pointer1791640986606_USER_107"],"D":"subElements 1 live (1 dangling ids in the graph), idlookup 1","known":"USER_138 lookup=0 subs=1, USER_155 lookup=1 subs=1","RF":"state 2 prop 2 store 2 dom 2","rfIds":"USER_138 top-0->bottom-0, USER_155 top-1->right-0","totals":"state 19 prop 19 store 19 dom 19","srcHandles":"out:top-0 [D gone] out:bottom-0 out:left-0 out:left-1 in:left-0 in:top-0 in:bottom-0 in:top-1 out:top-1"}
MEAS  A1 add back t=5s  {"values":["Pointer1791640986605_USER_101","Pointer1791640986606_USER_107"],"D":"subElements 1 live (1 dangling ids in the graph), idlookup 1","known":"USER_138 lookup=0 subs=1, USER_155 lookup=1 subs=1","RF":"state 2 prop 2 store 2 dom 2","rfIds":"USER_138 top-0->bottom-0, USER_155 top-1->right-0","totals":"state 19 prop 19 store 19 dom 19","srcHandles":"out:top-0 [D gone] out:bottom-0 out:left-0 out:left-1 in:left-0 in:top-0 in:bottom-0 in:top-1 out:top-1"}
PASS  A1 landed: the slot holds the target again  ["Pointer1791640986605_USER_101","Pointer1791640986606_USER_107"]
MEAS  R2 remove again t=0s  {"values":["Pointer1791640986605_USER_101","Pointer1791640986606_USER_107"],"D":"subElements 1 live (1 dangling ids in the graph), idlookup 1","known":"USER_138 lookup=0 subs=1, USER_155 lookup=1 subs=1","RF":"state 2 prop 2 store 2 dom 2","rfIds":"USER_138 top-0->bottom-0, USER_155 top-1->right-0","totals":"state 19 prop 19 store 19 dom 19","srcHandles":"out:top-0 [D gone] out:bottom-0 out:left-0 out:left-1 in:left-0 in:top-0 in:bottom-0 in:top-1 out:top-1"}
MEAS  R2 remove again t=1s  {"values":[null,"Pointer1791640986606_USER_107"],"D":"subElements 0 live (2 dangling ids in the graph), idlookup 0","known":"USER_138 lookup=0 subs=1, USER_155 lookup=0 subs=1","RF":"state 2 prop 2 store 2 dom 2","rfIds":"USER_138 top-0->bottom-0, USER_155 top-1->right-0","totals":"state 19 prop 19 store 19 dom 19","srcHandles":"out:top-0 [D gone] out:bottom-0 out:left-0 out:left-1 in:left-0 in:top-0 in:bottom-0 in:top-1 out:top-1 [D gone]"}
MEAS  R2 remove again t=5s  {"values":[null,"Pointer1791640986606_USER_107"],"D":"subElements 0 live (2 dangling ids in the graph), idlookup 0","known":"USER_138 lookup=0 subs=1, USER_155 lookup=0 subs=1","RF":"state 2 prop 2 store 2 dom 2","rfIds":"USER_138 top-0->bottom-0, USER_155 top-1->right-0","totals":"state 19 prop 19 store 19 dom 19","srcHandles":"out:top-0 [D gone] out:bottom-0 out:left-0 out:left-1 in:left-0 in:top-0 in:bottom-0 in:top-1 out:top-1 [D gone]"}
PASS  R2 landed  [null,"Pointer1791640986606_USER_107"]
MEAS  A2 add back again t=0s  {"values":[null,"Pointer1791640986606_USER_107"],"D":"subElements 0 live (2 dangling ids in the graph), idlookup 0","known":"USER_138 lookup=0 subs=1, USER_155 lookup=0 subs=1","RF":"state 2 prop 2 store 2 dom 2","rfIds":"USER_138 top-0->bottom-0, USER_155 top-1->right-0","totals":"state 19 prop 19 store 19 dom 19","srcHandles":"out:top-0 [D gone] out:bottom-0 out:left-0 out:left-1 in:left-0 in:top-0 in:bottom-0 in:top-1 out:top-1 [D gone]"}
MEAS  A2 add back again t=1s  {"values":["Pointer1791640986605_USER_101","Pointer1791640986606_USER_107"],"D":"subElements 1 live (2 dangling ids in the graph), idlookup 1","known":"USER_138 lookup=0 subs=1, USER_155 lookup=0 subs=1, USER_156 lookup=1 subs=1","RF":"state 3 prop 3 store 3 dom 3","rfIds":"USER_138 top-0->bottom-0, USER_155 top-1->right-0, USER_156 top-2->right-1","totals":"state 20 prop 20 store 20 dom 20","srcHandles":"out:top-0 [D gone] out:bottom-0 out:left-0 out:left-1 in:left-0 in:top-0 in:bottom-0 in:top-1 out:top-1 [D gone] out:top-2"}
MEAS  A2 add back again t=5s  {"values":["Pointer1791640986605_USER_101","Pointer1791640986606_USER_107"],"D":"subElements 1 live (2 dangling ids in the graph), idlookup 1","known":"USER_138 lookup=0 subs=1, USER_155 lookup=0 subs=1, USER_156 lookup=1 subs=1","RF":"state 3 prop 3 store 3 dom 3","rfIds":"USER_138 top-0->bottom-0, USER_155 top-1->right-0, USER_156 top-2->right-1","totals":"state 20 prop 20 store 20 dom 20","srcHandles":"out:top-0 [D gone] out:bottom-0 out:left-0 out:left-1 in:left-0 in:top-0 in:bottom-0 in:top-1 out:top-1 [D gone] out:top-2"}
PASS  A2 landed  ["Pointer1791640986605_USER_101","Pointer1791640986606_USER_107"]
MEAS  R3 remove a third time t=0s  {"values":["Pointer1791640986605_USER_101","Pointer1791640986606_USER_107"],"D":"subElements 1 live (2 dangling ids in the graph), idlookup 1","known":"USER_138 lookup=0 subs=1, USER_155 lookup=0 subs=1, USER_156 lookup=1 subs=1","RF":"state 3 prop 3 store 3 dom 3","rfIds":"USER_138 top-0->bottom-0, USER_155 top-1->right-0, USER_156 top-2->right-1","totals":"state 20 prop 20 store 20 dom 20","srcHandles":"out:top-0 [D gone] out:bottom-0 out:left-0 out:left-1 in:left-0 in:top-0 in:bottom-0 in:top-1 out:top-1 [D gone] out:top-2"}
MEAS  R3 remove a third time t=1s  {"values":[null,"Pointer1791640986606_USER_107"],"D":"subElements 0 live (3 dangling ids in the graph), idlookup 0","known":"USER_138 lookup=0 subs=1, USER_155 lookup=0 subs=1, USER_156 lookup=0 subs=1","RF":"state 3 prop 3 store 3 dom 3","rfIds":"USER_138 top-0->bottom-0, USER_155 top-1->right-0, USER_156 top-2->right-1","totals":"state 20 prop 20 store 20 dom 20","srcHandles":"out:top-0 [D gone] out:bottom-0 out:left-0 out:left-1 in:left-0 in:top-0 in:bottom-0 in:top-1 out:top-1 [D gone] out:top-2 [D gone]"}
MEAS  R3 remove a third time t=5s  {"values":[null,"Pointer1791640986606_USER_107"],"D":"subElements 0 live (3 dangling ids in the graph), idlookup 0","known":"USER_138 lookup=0 subs=1, USER_155 lookup=0 subs=1, USER_156 lookup=0 subs=1","RF":"state 3 prop 3 store 3 dom 3","rfIds":"USER_138 top-0->bottom-0, USER_155 top-1->right-0, USER_156 top-2->right-1","totals":"state 20 prop 20 store 20 dom 20","srcHandles":"out:top-0 [D gone] out:bottom-0 out:left-0 out:left-1 in:left-0 in:top-0 in:bottom-0 in:top-1 out:top-1 [D gone] out:top-2 [D gone]"}
PASS  R3 landed  [null,"Pointer1791640986606_USER_107"]
MEAS  C1 dangling pair ids in subElements before the scrub  ["Pointer1791640992717_USER_138","Pointer1791641009791_USER_155","Pointer1791641019993_USER_156"]
MEAS  C1 scrub subElements t=0s  {"values":[null,"Pointer1791640986606_USER_107"],"D":"subElements 0 live (3 dangling ids in the graph), idlookup 0","known":"USER_138 lookup=0 subs=1, USER_155 lookup=0 subs=1, USER_156 lookup=0 subs=1","RF":"state 3 prop 3 store 3 dom 3","rfIds":"USER_138 top-0->bottom-0, USER_155 top-1->right-0, USER_156 top-2->right-1","totals":"state 20 prop 20 store 20 dom 20","srcHandles":"out:top-0 [D gone] out:bottom-0 out:left-0 out:left-1 in:left-0 in:top-0 in:bottom-0 in:top-1 out:top-1 [D gone] out:top-2 [D gone]"}
MEAS  C1 scrub subElements t=1s  {"values":[null,"Pointer1791640986606_USER_107"],"D":"subElements 0 live (0 dangling ids in the graph), idlookup 0","known":"USER_138 lookup=0 subs=0, USER_155 lookup=0 subs=0, USER_156 lookup=0 subs=0","RF":"state 0 prop 0 store 0 dom 0","rfIds":"","totals":"state 17 prop 17 store 17 dom 17","srcHandles":"out:bottom-0 out:left-0 out:left-1 in:left-0 in:top-0 in:bottom-0 in:top-1"}
MEAS  C1 scrub subElements t=5s  {"values":[null,"Pointer1791640986606_USER_107"],"D":"subElements 0 live (0 dangling ids in the graph), idlookup 0","known":"USER_138 lookup=0 subs=0, USER_155 lookup=0 subs=0, USER_156 lookup=0 subs=0","RF":"state 0 prop 0 store 0 dom 0","rfIds":"","totals":"state 17 prop 17 store 17 dom 17","srcHandles":"out:bottom-0 out:left-0 out:left-1 in:left-0 in:top-0 in:bottom-0 in:top-1"}
MEAS  hookLogs  8
MEAS  hookLog  1791641004690 [useM1ReferenceEdges] creating 0 DVoidEdge(s): []
MEAS  hookLog  1791641004690 [useM1ReferenceEdges] removing 1 stale DVoidEdge(s): [Object]
MEAS  hookLog  1791641009791 [useM1ReferenceEdges] creating 1 DVoidEdge(s): [Object]
MEAS  hookLog  1791641014890 [useM1ReferenceEdges] creating 0 DVoidEdge(s): []
MEAS  hookLog  1791641014890 [useM1ReferenceEdges] removing 1 stale DVoidEdge(s): [Object]
MEAS  hookLog  1791641019993 [useM1ReferenceEdges] creating 1 DVoidEdge(s): [Object]
MEAS  hookLog  1791641025094 [useM1ReferenceEdges] creating 0 DVoidEdge(s): []
MEAS  hookLog  1791641025094 [useM1ReferenceEdges] removing 1 stale DVoidEdge(s): [Object]
MEAS  pageErrors  0
MEAS  consoleErrors  1
MEAS  json  /Users/alfonso/.jjodel-lanes/P-2026-10-10-1600/probe_stale_m1_edge.json
FAILURES 0
EXIT=0
end=2026-10-10T14:03:55.056Z
