\BOOKMARK [1][-]{section.1}{\376\377\000I\000n\000t\000r\000o\000d\000u\000c\000t\000i\000o\000n}{}% 1
\BOOKMARK [2][-]{subsection.1.1}{\376\377\000D\000e\000s\000i\000g\000n\000\040\000C\000r\000i\000t\000e\000r\000i\000a}{section.1}% 2
\BOOKMARK [2][-]{subsection.1.2}{\376\377\000D\000o\000c\000u\000m\000e\000n\000t\000\040\000S\000t\000r\000u\000c\000t\000u\000r\000e}{section.1}% 3
\BOOKMARK [1][-]{section.2}{\376\377\000J\000j\000E\000L\000:\000\040\000J\000j\000o\000d\000e\000l\000\040\000E\000x\000p\000r\000e\000s\000s\000i\000o\000n\000\040\000L\000a\000n\000g\000u\000a\000g\000e}{}% 4
\BOOKMARK [2][-]{subsection.2.1}{\376\377\000P\000o\000s\000i\000t\000i\000o\000n\000i\000n\000g\000\040\000a\000n\000d\000\040\000S\000c\000o\000p\000e}{section.2}% 5
\BOOKMARK [2][-]{subsection.2.2}{\376\377\000T\000y\000p\000e\000s\000\040\000a\000n\000d\000\040\000V\000a\000l\000u\000e\000s}{section.2}% 6
\BOOKMARK [2][-]{subsection.2.3}{\376\377\000T\000h\000e\000\040\000C\000o\000r\000e\000\040\000C\000o\000n\000s\000t\000r\000u\000c\000t\000:\000\040\000f\000o\000r\000a\000l\000l}{section.2}% 7
\BOOKMARK [3][-]{subsubsection.2.3.1}{\376\377\000D\000e\000s\000i\000g\000n\000\040\000M\000o\000t\000i\000v\000a\000t\000i\000o\000n}{subsection.2.3}% 8
\BOOKMARK [3][-]{subsubsection.2.3.2}{\376\377\000S\000y\000n\000t\000a\000x\000\040\000a\000n\000d\000\040\000F\000o\000r\000m\000s}{subsection.2.3}% 9
\BOOKMARK [3][-]{subsubsection.2.3.3}{\376\377\000S\000e\000p\000a\000r\000a\000t\000o\000r\000\040\000D\000e\000s\000i\000g\000n}{subsection.2.3}% 10
\BOOKMARK [3][-]{subsubsection.2.3.4}{\376\377\000W\000h\000y\000\040\000N\000o\000t\000\040\000f\000i\000l\000t\000e\000r\000\040\000a\000n\000d\000\040\000m\000a\000p\000?}{subsection.2.3}% 11
\BOOKMARK [2][-]{subsection.2.4}{\376\377\000E\000x\000i\000s\000t\000e\000n\000t\000i\000a\000l\000\040\000C\000h\000e\000c\000k\000:\000\040\000e\000x\000i\000s\000t\000s}{section.2}% 12
\BOOKMARK [2][-]{subsection.2.5}{\376\377\000L\000o\000g\000i\000c\000a\000l\000\040\000I\000m\000p\000l\000i\000c\000a\000t\000i\000o\000n\000:\000\040\000i\000m\000p\000l\000i\000e\000s}{section.2}% 13
\BOOKMARK [2][-]{subsection.2.6}{\376\377\000C\000o\000n\000t\000e\000x\000t\000\040\000B\000i\000n\000d\000i\000n\000g\000:\000\040\000w\000i\000t\000h\000.\000.\000.\000d\000o}{section.2}% 14
\BOOKMARK [2][-]{subsection.2.7}{\376\377\000C\000o\000n\000d\000i\000t\000i\000o\000n\000a\000l\000:\000\040\000i\000f\000.\000.\000.\000t\000h\000e\000n\000.\000.\000.\000e\000l\000s\000e}{section.2}% 15
\BOOKMARK [2][-]{subsection.2.8}{\376\377\000L\000a\000m\000b\000d\000a\000\040\000E\000x\000p\000r\000e\000s\000s\000i\000o\000n\000s}{section.2}% 16
\BOOKMARK [2][-]{subsection.2.9}{\376\377\000N\000u\000l\000l\000\040\000S\000a\000f\000e\000t\000y}{section.2}% 17
\BOOKMARK [2][-]{subsection.2.10}{\376\377\000O\000p\000e\000r\000a\000t\000o\000r\000\040\000P\000r\000e\000c\000e\000d\000e\000n\000c\000e}{section.2}% 18
\BOOKMARK [2][-]{subsection.2.11}{\376\377\000B\000u\000i\000l\000t\000-\000i\000n\000\040\000M\000e\000t\000h\000o\000d\000s}{section.2}% 19
\BOOKMARK [2][-]{subsection.2.12}{\376\377\000E\000v\000a\000l\000u\000a\000t\000i\000o\000n\000\040\000R\000u\000l\000e\000s}{section.2}% 20
\BOOKMARK [3][-]{subsubsection.2.12.1}{\376\377\000S\000h\000o\000r\000t\000-\000C\000i\000r\000c\000u\000i\000t\000\040\000E\000v\000a\000l\000u\000a\000t\000i\000o\000n}{subsection.2.12}% 21
\BOOKMARK [3][-]{subsubsection.2.12.2}{\376\377\000T\000r\000u\000t\000h\000i\000n\000e\000s\000s}{subsection.2.12}% 22
\BOOKMARK [3][-]{subsubsection.2.12.3}{\376\377\000E\000r\000r\000o\000r\000\040\000H\000a\000n\000d\000l\000i\000n\000g}{subsection.2.12}% 23
\BOOKMARK [3][-]{subsubsection.2.12.4}{\376\377\000C\000a\000l\000l\000i\000n\000g\000\040\000C\000o\000n\000v\000e\000n\000t\000i\000o\000n\000s}{subsection.2.12}% 24
\BOOKMARK [3][-]{subsubsection.2.12.5}{\376\377\000D\000i\000a\000g\000n\000o\000s\000t\000i\000c\000\040\000R\000e\000p\000o\000r\000t\000i\000n\000g}{subsection.2.12}% 25
\BOOKMARK [2][-]{subsection.2.13}{\376\377\000J\000j\000E\000L\000\040\000a\000n\000d\000\040\000t\000h\000e\000\040\000J\000j\000O\000M\000:\000\040\000T\000h\000r\000e\000e\000-\000L\000e\000v\000e\000l\000\040\000A\000b\000s\000t\000r\000a\000c\000t\000i\000o\000n}{section.2}% 26
\BOOKMARK [3][-]{subsubsection.2.13.1}{\376\377\000L\000e\000v\000e\000l\000\040\0001\000:\000\040\000B\000u\000i\000l\000t\000-\000i\000n\000\040\000C\000o\000l\000l\000e\000c\000t\000i\000o\000n\000s}{subsection.2.13}% 27
\BOOKMARK [3][-]{subsubsection.2.13.2}{\376\377\000L\000e\000v\000e\000l\000\040\0002\000:\000\040\000C\000o\000n\000t\000e\000x\000t\000\040\000V\000a\000r\000i\000a\000b\000l\000e\000s}{subsection.2.13}% 28
\BOOKMARK [3][-]{subsubsection.2.13.3}{\376\377\000L\000e\000v\000e\000l\000\040\0003\000:\000\040\000R\000a\000w\000\040\000J\000j\000O\000M\000\040\000A\000P\000I}{subsection.2.13}% 29
\BOOKMARK [3][-]{subsubsection.2.13.4}{\376\377\000F\000e\000a\000t\000u\000r\000e\000\040\000R\000e\000s\000o\000l\000u\000t\000i\000o\000n\000\040\000W\000i\000t\000h\000o\000u\000t\000\040\000\044}{subsection.2.13}% 30
\BOOKMARK [3][-]{subsubsection.2.13.5}{\376\377\000E\000n\000u\000m\000\040\000V\000a\000l\000u\000e\000\040\000C\000o\000l\000l\000a\000p\000s\000i\000n\000g}{subsection.2.13}% 31
\BOOKMARK [3][-]{subsubsection.2.13.6}{\376\377\000D\000e\000s\000i\000g\000n\000\040\000R\000a\000t\000i\000o\000n\000a\000l\000e}{subsection.2.13}% 32
\BOOKMARK [1][-]{section.3}{\376\377\000J\000j\000T\000L\000:\000\040\000J\000j\000o\000d\000e\000l\000\040\000T\000r\000a\000n\000s\000f\000o\000r\000m\000a\000t\000i\000o\000n\000\040\000L\000a\000n\000g\000u\000a\000g\000e}{}% 33
\BOOKMARK [2][-]{subsection.3.1}{\376\377\000D\000e\000s\000i\000g\000n\000\040\000P\000h\000i\000l\000o\000s\000o\000p\000h\000y}{section.3}% 34
\BOOKMARK [2][-]{subsection.3.2}{\376\377\000T\000r\000a\000n\000s\000f\000o\000r\000m\000a\000t\000i\000o\000n\000\040\000S\000t\000r\000u\000c\000t\000u\000r\000e}{section.3}% 35
\BOOKMARK [2][-]{subsection.3.3}{\376\377\000C\000l\000a\000s\000s\000\040\000M\000a\000p\000p\000i\000n\000g\000s}{section.3}% 36
\BOOKMARK [3][-]{subsubsection.3.3.1}{\376\377\000M\000u\000l\000t\000i\000-\000S\000o\000u\000r\000c\000e\000\040\000M\000a\000p\000p\000i\000n\000g\000s}{subsection.3.3}% 37
\BOOKMARK [3][-]{subsubsection.3.3.2}{\376\377\000M\000u\000l\000t\000i\000p\000l\000i\000c\000i\000t\000y}{subsection.3.3}% 38
\BOOKMARK [3][-]{subsubsection.3.3.3}{\376\377\000G\000u\000a\000r\000d\000\040\000C\000o\000n\000d\000i\000t\000i\000o\000n\000s}{subsection.3.3}% 39
\BOOKMARK [2][-]{subsection.3.4}{\376\377\000A\000t\000t\000r\000i\000b\000u\000t\000e\000\040\000M\000a\000p\000p\000i\000n\000g\000s}{section.3}% 40
\BOOKMARK [3][-]{subsubsection.3.4.1}{\376\377\000D\000i\000r\000e\000c\000t\000\040\000M\000a\000p\000p\000i\000n\000g}{subsection.3.4}% 41
\BOOKMARK [3][-]{subsubsection.3.4.2}{\376\377\000V\000a\000l\000u\000e\000\040\000M\000a\000p\000p\000i\000n\000g\000\040\000\050\000E\000n\000u\000m\000\040\000C\000o\000n\000v\000e\000r\000s\000i\000o\000n\000\051}{subsection.3.4}% 42
\BOOKMARK [3][-]{subsubsection.3.4.3}{\376\377\000E\000x\000p\000r\000e\000s\000s\000i\000o\000n\000\040\000M\000a\000p\000p\000i\000n\000g}{subsection.3.4}% 43
\BOOKMARK [3][-]{subsubsection.3.4.4}{\376\377\000A\000r\000r\000o\000w\000\040\000S\000y\000n\000t\000a\000x\000\040\000\050\000A\000l\000t\000e\000r\000n\000a\000t\000i\000v\000e\000\051}{subsection.3.4}% 44
\BOOKMARK [3][-]{subsubsection.3.4.5}{\376\377\000O\000b\000j\000e\000c\000t\000\040\000C\000r\000e\000a\000t\000i\000o\000n}{subsection.3.4}% 45
\BOOKMARK [2][-]{subsection.3.5}{\376\377\000H\000e\000l\000p\000e\000r\000\040\000F\000u\000n\000c\000t\000i\000o\000n\000s}{section.3}% 46
\BOOKMARK [2][-]{subsection.3.6}{\376\377\000T\000r\000a\000c\000e\000\040\000M\000o\000d\000e\000l}{section.3}% 47
\BOOKMARK [3][-]{subsubsection.3.6.1}{\376\377\000I\000n\000v\000e\000r\000t\000i\000b\000i\000l\000i\000t\000y\000\040\000A\000n\000a\000l\000y\000s\000i\000s}{subsection.3.6}% 48
\BOOKMARK [2][-]{subsection.3.7}{\376\377\000I\000n\000t\000e\000r\000a\000c\000t\000i\000v\000e\000\040\000F\000e\000a\000t\000u\000r\000e\000s}{section.3}% 49
\BOOKMARK [2][-]{subsection.3.8}{\376\377\000E\000x\000e\000c\000u\000t\000i\000o\000n\000\040\000M\000o\000d\000e\000l}{section.3}% 50
\BOOKMARK [1][-]{section.4}{\376\377\000J\000j\000M\000o\000d\000a\000l\000:\000\040\000J\000j\000o\000d\000e\000l\000\040\000I\000n\000t\000e\000r\000a\000c\000t\000i\000o\000n\000\040\000L\000a\000n\000g\000u\000a\000g\000e}{}% 51
\BOOKMARK [2][-]{subsection.4.1}{\376\377\000M\000o\000t\000i\000v\000a\000t\000i\000o\000n\000\040\000a\000n\000d\000\040\000D\000e\000s\000i\000g\000n\000\040\000P\000o\000s\000i\000t\000i\000o\000n}{section.4}% 52
\BOOKMARK [2][-]{subsection.4.2}{\376\377\000C\000o\000m\000m\000a\000n\000d\000s}{section.4}% 53
\BOOKMARK [3][-]{subsubsection.4.2.1}{\376\377\000p\000r\000o\000m\000p\000t}{subsection.4.2}% 54
\BOOKMARK [3][-]{subsubsection.4.2.2}{\376\377\000c\000o\000n\000f\000i\000r\000m}{subsection.4.2}% 55
\BOOKMARK [2][-]{subsection.4.3}{\376\377\000T\000y\000p\000e\000\040\000S\000y\000s\000t\000e\000m}{section.4}% 56
\BOOKMARK [2][-]{subsection.4.4}{\376\377\000G\000r\000a\000m\000m\000a\000r}{section.4}% 57
\BOOKMARK [2][-]{subsection.4.5}{\376\377\000E\000m\000b\000e\000d\000d\000i\000n\000g\000\040\000a\000n\000d\000\040\000T\000r\000a\000n\000s\000p\000a\000r\000e\000n\000t\000\040\000R\000e\000c\000o\000g\000n\000i\000t\000i\000o\000n}{section.4}% 58
\BOOKMARK [2][-]{subsection.4.6}{\376\377\000U\000s\000a\000g\000e\000\040\000E\000x\000a\000m\000p\000l\000e\000s}{section.4}% 59
\BOOKMARK [3][-]{subsubsection.4.6.1}{\376\377\000P\000r\000o\000m\000p\000t\000\040\000i\000n\000\040\000a\000n\000\040\000a\000t\000t\000r\000i\000b\000u\000t\000e\000\040\000b\000i\000n\000d\000i\000n\000g}{subsection.4.6}% 60
\BOOKMARK [3][-]{subsubsection.4.6.2}{\376\377\000P\000r\000o\000m\000p\000t\000\040\000w\000i\000t\000h\000\040\000a\000\040\000m\000e\000t\000a\000m\000o\000d\000e\000l\000-\000r\000e\000l\000a\000t\000i\000v\000e\000\040\000t\000y\000p\000e}{subsection.4.6}% 61
\BOOKMARK [3][-]{subsubsection.4.6.3}{\376\377\000C\000o\000n\000f\000i\000r\000m\000\040\000i\000n\000\040\000a\000\040\000g\000u\000a\000r\000d\000\040\000c\000o\000n\000d\000i\000t\000i\000o\000n}{subsection.4.6}% 62
\BOOKMARK [3][-]{subsubsection.4.6.4}{\376\377\000C\000o\000n\000f\000i\000r\000m\000\040\000i\000n\000\040\000J\000j\000S\000c\000r\000i\000p\000t}{subsection.4.6}% 63
\BOOKMARK [2][-]{subsection.4.7}{\376\377\000E\000x\000e\000c\000u\000t\000i\000o\000n\000\040\000S\000e\000m\000a\000n\000t\000i\000c\000s}{section.4}% 64
\BOOKMARK [3][-]{subsubsection.4.7.1}{\376\377\000B\000l\000o\000c\000k\000i\000n\000g\000\040\000f\000r\000o\000m\000\040\000t\000h\000e\000\040\000a\000u\000t\000h\000o\000r\000'\000s\000\040\000p\000e\000r\000s\000p\000e\000c\000t\000i\000v\000e}{subsection.4.7}% 65
\BOOKMARK [3][-]{subsubsection.4.7.2}{\376\377\000A\000s\000y\000n\000c\000/\000a\000w\000a\000i\000t\000\040\000i\000m\000p\000l\000e\000m\000e\000n\000t\000a\000t\000i\000o\000n}{subsection.4.7}% 66
\BOOKMARK [3][-]{subsubsection.4.7.3}{\376\377\000S\000e\000r\000i\000a\000l\000i\000s\000a\000t\000i\000o\000n\000\040\000o\000f\000\040\000i\000n\000t\000e\000r\000a\000c\000t\000i\000o\000n\000s}{subsection.4.7}% 67
\BOOKMARK [2][-]{subsection.4.8}{\376\377\000U\000I\000\040\000M\000a\000n\000i\000f\000e\000s\000t\000a\000t\000i\000o\000n}{section.4}% 68
\BOOKMARK [2][-]{subsection.4.9}{\376\377\000R\000e\000l\000a\000t\000i\000o\000n\000s\000h\000i\000p\000\040\000t\000o\000\040\000t\000h\000e\000\040\000J\000j\000T\000L\000\040\000I\000n\000t\000e\000r\000a\000c\000t\000i\000v\000e\000\040\000F\000e\000a\000t\000u\000r\000e\000\040\000T\000a\000b\000l\000e}{section.4}% 69
\BOOKMARK [2][-]{subsection.4.10}{\376\377\000C\000o\000m\000p\000a\000r\000i\000s\000o\000n\000\040\000w\000i\000t\000h\000\040\000R\000e\000l\000a\000t\000e\000d\000\040\000W\000o\000r\000k}{section.4}% 70
\BOOKMARK [1][-]{section.5}{\376\377\000J\000j\000L\000e\000t\000:\000\040\000L\000e\000t\000-\000B\000i\000n\000d\000i\000n\000g\000\040\000f\000o\000r\000\040\000I\000n\000t\000e\000r\000a\000c\000t\000i\000v\000e\000\040\000T\000r\000a\000n\000s\000f\000o\000r\000m\000a\000t\000i\000o\000n\000s}{}% 71
\BOOKMARK [2][-]{subsection.5.1}{\376\377\000M\000o\000t\000i\000v\000a\000t\000i\000o\000n}{section.5}% 72
\BOOKMARK [2][-]{subsection.5.2}{\376\377\000D\000e\000s\000i\000g\000n\000\040\000P\000o\000s\000i\000t\000i\000o\000n\000\040\000a\000n\000d\000\040\000A\000r\000c\000h\000i\000t\000e\000c\000t\000u\000r\000e}{section.5}% 73
\BOOKMARK [2][-]{subsection.5.3}{\376\377\000V\000a\000r\000i\000a\000b\000l\000e\000\040\000S\000i\000g\000i\000l}{section.5}% 74
\BOOKMARK [2][-]{subsection.5.4}{\376\377\000S\000y\000n\000t\000a\000x}{section.5}% 75
\BOOKMARK [3][-]{subsubsection.5.4.1}{\376\377\000S\000i\000n\000g\000l\000e\000\040\000b\000i\000n\000d\000i\000n\000g}{subsection.5.4}% 76
\BOOKMARK [3][-]{subsubsection.5.4.2}{\376\377\000M\000u\000l\000t\000i\000p\000l\000e\000\040\000b\000i\000n\000d\000i\000n\000g\000s}{subsection.5.4}% 77
\BOOKMARK [3][-]{subsubsection.5.4.3}{\376\377\000B\000l\000o\000c\000k\000\040\000b\000o\000d\000y\000\040\000i\000n\000\040\000J\000j\000T\000L}{subsection.5.4}% 78
\BOOKMARK [3][-]{subsubsection.5.4.4}{\376\377\000F\000o\000r\000m\000a\000l\000\040\000g\000r\000a\000m\000m\000a\000r}{subsection.5.4}% 79
\BOOKMARK [2][-]{subsection.5.5}{\376\377\000S\000e\000m\000a\000n\000t\000i\000c\000s}{section.5}% 80
\BOOKMARK [3][-]{subsubsection.5.5.1}{\376\377\000E\000v\000a\000l\000u\000a\000t\000i\000o\000n\000\040\000o\000r\000d\000e\000r}{subsection.5.5}% 81
\BOOKMARK [3][-]{subsubsection.5.5.2}{\376\377\000L\000e\000x\000i\000c\000a\000l\000\040\000s\000c\000o\000p\000e}{subsection.5.5}% 82
\BOOKMARK [3][-]{subsubsection.5.5.3}{\376\377\000C\000a\000n\000c\000e\000l\000l\000a\000t\000i\000o\000n\000\040\000h\000a\000n\000d\000l\000i\000n\000g}{subsection.5.5}% 83
\BOOKMARK [2][-]{subsection.5.6}{\376\377\000U\000s\000a\000g\000e\000\040\000E\000x\000a\000m\000p\000l\000e\000s}{section.5}% 84
\BOOKMARK [3][-]{subsubsection.5.6.1}{\376\377\000J\000j\000T\000L\000\040\040\024\000\040\000s\000h\000a\000r\000e\000d\000\040\000p\000r\000o\000m\000p\000t\000\040\000a\000c\000r\000o\000s\000s\000\040\000b\000i\000n\000d\000i\000n\000g\000s}{subsection.5.6}% 85
\BOOKMARK [3][-]{subsubsection.5.6.2}{\376\377\000J\000j\000T\000L\000\040\040\024\000\040\000c\000o\000n\000f\000i\000r\000m\000\040\000b\000e\000f\000o\000r\000e\000\040\000t\000r\000a\000n\000s\000f\000o\000r\000m\000a\000t\000i\000o\000n}{subsection.5.6}% 86
\BOOKMARK [3][-]{subsubsection.5.6.3}{\376\377\000J\000j\000T\000L\000\040\040\024\000\040\000m\000u\000l\000t\000i\000-\000s\000t\000e\000p\000\040\000i\000n\000t\000e\000r\000a\000c\000t\000i\000v\000e\000\040\000m\000a\000p\000p\000i\000n\000g}{subsection.5.6}% 87
\BOOKMARK [3][-]{subsubsection.5.6.4}{\376\377\000J\000j\000S\000c\000r\000i\000p\000t\000\040\040\024\000\040\000i\000n\000t\000e\000r\000a\000c\000t\000i\000v\000e\000\040\000b\000u\000l\000k\000\040\000o\000p\000e\000r\000a\000t\000i\000o\000n}{subsection.5.6}% 88
\BOOKMARK [2][-]{subsection.5.7}{\376\377\000I\000m\000p\000l\000e\000m\000e\000n\000t\000a\000t\000i\000o\000n\000\040\000S\000t\000a\000t\000u\000s}{section.5}% 89
\BOOKMARK [2][-]{subsection.5.8}{\376\377\000D\000e\000s\000i\000g\000n\000\040\000T\000e\000n\000s\000i\000o\000n\000s}{section.5}% 90
\BOOKMARK [1][-]{section.6}{\376\377\000J\000j\000S\000c\000r\000i\000p\000t\000:\000\040\000J\000j\000o\000d\000e\000l\000\040\000S\000c\000r\000i\000p\000t\000i\000n\000g\000\040\000L\000a\000n\000g\000u\000a\000g\000e}{}% 91
\BOOKMARK [2][-]{subsection.6.1}{\376\377\000M\000o\000t\000i\000v\000a\000t\000i\000o\000n\000\040\000a\000n\000d\000\040\000D\000e\000s\000i\000g\000n\000\040\000P\000o\000s\000i\000t\000i\000o\000n}{section.6}% 92
\BOOKMARK [2][-]{subsection.6.2}{\376\377\000L\000a\000n\000g\000u\000a\000g\000e\000\040\000A\000r\000c\000h\000i\000t\000e\000c\000t\000u\000r\000e}{section.6}% 93
\BOOKMARK [3][-]{subsubsection.6.2.1}{\376\377\000E\000l\000e\000m\000e\000n\000t\000\040\000R\000e\000s\000o\000l\000u\000t\000i\000o\000n}{subsection.6.2}% 94
\BOOKMARK [3][-]{subsubsection.6.2.2}{\376\377\000N\000a\000t\000u\000r\000a\000l\000\040\000L\000a\000n\000g\000u\000a\000g\000e\000\040\000N\000o\000r\000m\000a\000l\000i\000s\000a\000t\000i\000o\000n}{subsection.6.2}% 95
\BOOKMARK [2][-]{subsection.6.3}{\376\377\000C\000o\000m\000m\000a\000n\000d\000\040\000T\000a\000x\000o\000n\000o\000m\000y}{section.6}% 96
\BOOKMARK [3][-]{subsubsection.6.3.1}{\376\377\000S\000t\000r\000u\000c\000t\000u\000r\000a\000l\000\040\000C\000o\000m\000m\000a\000n\000d\000s}{subsection.6.3}% 97
\BOOKMARK [3][-]{subsubsection.6.3.2}{\376\377\000I\000n\000s\000p\000e\000c\000t\000i\000o\000n\000\040\000C\000o\000m\000m\000a\000n\000d\000s}{subsection.6.3}% 98
\BOOKMARK [3][-]{subsubsection.6.3.3}{\376\377\000C\000o\000n\000t\000r\000o\000l\000\040\000C\000o\000m\000m\000a\000n\000d\000s}{subsection.6.3}% 99
\BOOKMARK [3][-]{subsubsection.6.3.4}{\376\377\000A\000d\000v\000a\000n\000c\000e\000d\000\040\000C\000o\000m\000m\000a\000n\000d\000s}{subsection.6.3}% 100
\BOOKMARK [2][-]{subsection.6.4}{\376\377\000T\000y\000p\000e\000\040\000S\000y\000s\000t\000e\000m}{section.6}% 101
\BOOKMARK [2][-]{subsection.6.5}{\376\377\000E\000x\000p\000r\000e\000s\000s\000i\000o\000n\000\040\000D\000e\000l\000e\000g\000a\000t\000i\000o\000n\000\040\000t\000o\000\040\000J\000j\000E\000L}{section.6}% 102
\BOOKMARK [2][-]{subsection.6.6}{\376\377\000A\000u\000t\000o\000c\000o\000m\000p\000l\000e\000t\000i\000o\000n}{section.6}% 103
\BOOKMARK [2][-]{subsection.6.7}{\376\377\000G\000r\000a\000m\000m\000a\000r}{section.6}% 104
\BOOKMARK [2][-]{subsection.6.8}{\376\377\000I\000n\000t\000e\000r\000a\000c\000t\000i\000o\000n\000\040\000w\000i\000t\000h\000\040\000J\000j\000o\000d\000i\000e}{section.6}% 105
\BOOKMARK [2][-]{subsection.6.9}{\376\377\000U\000s\000a\000g\000e\000\040\000E\000x\000a\000m\000p\000l\000e\000s}{section.6}% 106
\BOOKMARK [3][-]{subsubsection.6.9.1}{\376\377\000M\000e\000t\000a\000m\000o\000d\000e\000l\000\040\000C\000o\000n\000s\000t\000r\000u\000c\000t\000i\000o\000n}{subsection.6.9}% 107
\BOOKMARK [3][-]{subsubsection.6.9.2}{\376\377\000Q\000u\000e\000r\000y\000i\000n\000g\000\040\000a\000n\000d\000\040\000V\000a\000l\000i\000d\000a\000t\000i\000o\000n}{subsection.6.9}% 108
\BOOKMARK [3][-]{subsubsection.6.9.3}{\376\377\000B\000u\000l\000k\000\040\000O\000p\000e\000r\000a\000t\000i\000o\000n\000s\000\040\000w\000i\000t\000h\000\040\000f\000o\000r\000a\000l\000l\000\040\000a\000n\000d\000\040\000l\000e\000t}{subsection.6.9}% 109
\BOOKMARK [2][-]{subsection.6.10}{\376\377\000R\000e\000l\000a\000t\000i\000o\000n\000s\000h\000i\000p\000\040\000t\000o\000\040\000O\000t\000h\000e\000r\000\040\000J\000j\000o\000d\000e\000l\000\040\000L\000a\000n\000g\000u\000a\000g\000e\000s}{section.6}% 110
\BOOKMARK [2][-]{subsection.6.11}{\376\377\000I\000m\000p\000l\000e\000m\000e\000n\000t\000a\000t\000i\000o\000n\000\040\000S\000t\000a\000t\000u\000s}{section.6}% 111
\BOOKMARK [1][-]{section.7}{\376\377\000C\000o\000m\000p\000a\000r\000a\000t\000i\000v\000e\000\040\000A\000n\000a\000l\000y\000s\000i\000s}{}% 112
\BOOKMARK [2][-]{subsection.7.1}{\376\377\000A\000T\000L\000\040\000\050\000A\000t\000l\000a\000s\000\040\000T\000r\000a\000n\000s\000f\000o\000r\000m\000a\000t\000i\000o\000n\000\040\000L\000a\000n\000g\000u\000a\000g\000e\000\051}{section.7}% 113
\BOOKMARK [3][-]{subsubsection.7.1.1}{\376\377\000O\000v\000e\000r\000v\000i\000e\000w}{subsection.7.1}% 114
\BOOKMARK [3][-]{subsubsection.7.1.2}{\376\377\000S\000t\000r\000u\000c\000t\000u\000r\000a\000l\000\040\000C\000o\000m\000p\000a\000r\000i\000s\000o\000n}{subsection.7.1}% 115
\BOOKMARK [3][-]{subsubsection.7.1.3}{\376\377\000K\000e\000y\000\040\000D\000e\000s\000i\000g\000n\000\040\000D\000i\000f\000f\000e\000r\000e\000n\000c\000e\000s}{subsection.7.1}% 116
\BOOKMARK [2][-]{subsection.7.2}{\376\377\000E\000O\000L\000\040\000/\000\040\000E\000T\000L\000\040\000\050\000E\000p\000s\000i\000l\000o\000n\000\040\000P\000l\000a\000t\000f\000o\000r\000m\000\051}{section.7}% 117
\BOOKMARK [3][-]{subsubsection.7.2.1}{\376\377\000O\000v\000e\000r\000v\000i\000e\000w}{subsection.7.2}% 118
\BOOKMARK [3][-]{subsubsection.7.2.2}{\376\377\000S\000t\000r\000u\000c\000t\000u\000r\000a\000l\000\040\000C\000o\000m\000p\000a\000r\000i\000s\000o\000n}{subsection.7.2}% 119
\BOOKMARK [3][-]{subsubsection.7.2.3}{\376\377\000K\000e\000y\000\040\000D\000e\000s\000i\000g\000n\000\040\000D\000i\000f\000f\000e\000r\000e\000n\000c\000e\000s}{subsection.7.2}% 120
\BOOKMARK [2][-]{subsection.7.3}{\376\377\000Q\000V\000T\000\040\000R\000e\000l\000a\000t\000i\000o\000n\000s\000\040\000\050\000Q\000V\000T\000-\000R\000\051}{section.7}% 121
\BOOKMARK [3][-]{subsubsection.7.3.1}{\376\377\000O\000v\000e\000r\000v\000i\000e\000w}{subsection.7.3}% 122
\BOOKMARK [3][-]{subsubsection.7.3.2}{\376\377\000S\000t\000r\000u\000c\000t\000u\000r\000a\000l\000\040\000C\000o\000m\000p\000a\000r\000i\000s\000o\000n}{subsection.7.3}% 123
\BOOKMARK [3][-]{subsubsection.7.3.3}{\376\377\000K\000e\000y\000\040\000D\000e\000s\000i\000g\000n\000\040\000D\000i\000f\000f\000e\000r\000e\000n\000c\000e\000s}{subsection.7.3}% 124
\BOOKMARK [2][-]{subsection.7.4}{\376\377\000Q\000V\000T\000\040\000O\000p\000e\000r\000a\000t\000i\000o\000n\000a\000l\000\040\000\050\000Q\000V\000T\000-\000O\000\051}{section.7}% 125
\BOOKMARK [3][-]{subsubsection.7.4.1}{\376\377\000O\000v\000e\000r\000v\000i\000e\000w}{subsection.7.4}% 126
\BOOKMARK [3][-]{subsubsection.7.4.2}{\376\377\000S\000t\000r\000u\000c\000t\000u\000r\000a\000l\000\040\000C\000o\000m\000p\000a\000r\000i\000s\000o\000n}{subsection.7.4}% 127
\BOOKMARK [3][-]{subsubsection.7.4.3}{\376\377\000K\000e\000y\000\040\000D\000e\000s\000i\000g\000n\000\040\000D\000i\000f\000f\000e\000r\000e\000n\000c\000e\000s}{subsection.7.4}% 128
\BOOKMARK [2][-]{subsection.7.5}{\376\377\000F\000e\000a\000t\000u\000r\000e\000\040\000C\000o\000m\000p\000a\000r\000i\000s\000o\000n\000\040\000M\000a\000t\000r\000i\000x}{section.7}% 129
\BOOKMARK [2][-]{subsection.7.6}{\376\377\000E\000x\000p\000r\000e\000s\000s\000i\000o\000n\000\040\000L\000a\000n\000g\000u\000a\000g\000e\000\040\000C\000o\000m\000p\000a\000r\000i\000s\000o\000n}{section.7}% 130
\BOOKMARK [1][-]{section.8}{\376\377\000T\000r\000a\000n\000s\000f\000o\000r\000m\000a\000t\000i\000o\000n\000\040\000E\000x\000a\000m\000p\000l\000e\000s}{}% 131
\BOOKMARK [2][-]{subsection.8.1}{\376\377\000E\000x\000a\000m\000p\000l\000e\000\040\0001\000:\000\040\000U\000M\000L\000\040\000C\000l\000a\000s\000s\000\040\000t\000o\000\040\000R\000e\000l\000a\000t\000i\000o\000n\000a\000l\000\040\000T\000a\000b\000l\000e}{section.8}% 132
\BOOKMARK [3][-]{subsubsection.8.1.1}{\376\377\000A\000T\000L}{subsection.8.1}% 133
\BOOKMARK [3][-]{subsubsection.8.1.2}{\376\377\000E\000T\000L}{subsection.8.1}% 134
\BOOKMARK [3][-]{subsubsection.8.1.3}{\376\377\000J\000j\000T\000L}{subsection.8.1}% 135
\BOOKMARK [2][-]{subsection.8.2}{\376\377\000E\000x\000a\000m\000p\000l\000e\000\040\0002\000:\000\040\000S\000t\000a\000t\000e\000\040\000M\000a\000c\000h\000i\000n\000e\000\040\000t\000o\000\040\000P\000e\000t\000r\000i\000\040\000N\000e\000t}{section.8}% 136
\BOOKMARK [3][-]{subsubsection.8.2.1}{\376\377\000A\000T\000L}{subsection.8.2}% 137
\BOOKMARK [3][-]{subsubsection.8.2.2}{\376\377\000E\000T\000L}{subsection.8.2}% 138
\BOOKMARK [3][-]{subsubsection.8.2.3}{\376\377\000J\000j\000T\000L}{subsection.8.2}% 139
\BOOKMARK [2][-]{subsection.8.3}{\376\377\000E\000x\000a\000m\000p\000l\000e\000\040\0003\000:\000\040\000U\000M\000L\000\040\000t\000o\000\040\000J\000a\000v\000a\000\040\000\050\000S\000t\000r\000u\000c\000t\000u\000r\000a\000l\000\051}{section.8}% 140
\BOOKMARK [3][-]{subsubsection.8.3.1}{\376\377\000A\000T\000L}{subsection.8.3}% 141
\BOOKMARK [3][-]{subsubsection.8.3.2}{\376\377\000E\000T\000L}{subsection.8.3}% 142
\BOOKMARK [3][-]{subsubsection.8.3.3}{\376\377\000J\000j\000T\000L}{subsection.8.3}% 143
\BOOKMARK [2][-]{subsection.8.4}{\376\377\000E\000x\000a\000m\000p\000l\000e\000\040\0004\000:\000\040\000V\000a\000l\000i\000d\000a\000t\000i\000o\000n\000\040\000I\000n\000v\000a\000r\000i\000a\000n\000t\000s}{section.8}% 144
\BOOKMARK [2][-]{subsection.8.5}{\376\377\000E\000x\000a\000m\000p\000l\000e\000\040\0005\000:\000\040\000G\000u\000a\000r\000d\000\040\000C\000o\000n\000d\000i\000t\000i\000o\000n\000s}{section.8}% 145
\BOOKMARK [1][-]{section.9}{\376\377\000D\000i\000s\000c\000u\000s\000s\000i\000o\000n}{}% 146
\BOOKMARK [2][-]{subsection.9.1}{\376\377\000S\000t\000r\000e\000n\000g\000t\000h\000s\000\040\000o\000f\000\040\000t\000h\000e\000\040\000J\000j\000T\000L\000/\000J\000j\000E\000L\000\040\000A\000p\000p\000r\000o\000a\000c\000h}{section.9}% 147
\BOOKMARK [2][-]{subsection.9.2}{\376\377\000L\000i\000m\000i\000t\000a\000t\000i\000o\000n\000s\000\040\000a\000n\000d\000\040\000T\000r\000a\000d\000e\000-\000o\000f\000f\000s}{section.9}% 148
\BOOKMARK [2][-]{subsection.9.3}{\376\377\000O\000p\000e\000n\000\040\000D\000e\000s\000i\000g\000n\000\040\000P\000o\000i\000n\000t\000s}{section.9}% 149
\BOOKMARK [2][-]{subsection.9.4}{\376\377\000J\000j\000S\000c\000r\000i\000p\000t\000\040\000i\000n\000\040\000t\000h\000e\000\040\000M\000D\000E\000\040\000S\000c\000r\000i\000p\000t\000i\000n\000g\000\040\000L\000a\000n\000d\000s\000c\000a\000p\000e}{section.9}% 150
\BOOKMARK [1][-]{section.10}{\376\377\000C\000o\000n\000c\000l\000u\000s\000i\000o\000n}{}% 151
\BOOKMARK [1][-]{appendix.A}{\376\377\000J\000j\000E\000L\000\040\000G\000r\000a\000m\000m\000a\000r\000\040\000\050\000C\000o\000m\000p\000l\000e\000t\000e\000\051}{}% 152
\BOOKMARK [1][-]{appendix.B}{\376\377\000J\000j\000E\000L\000\040\000B\000u\000i\000l\000t\000-\000i\000n\000\040\000M\000e\000t\000h\000o\000d\000s\000\040\000\050\000C\000o\000m\000p\000l\000e\000t\000e\000\051}{}% 153
\BOOKMARK [2][-]{subsection.B.1}{\376\377\000S\000t\000r\000i\000n\000g\000\040\000M\000e\000t\000h\000o\000d\000s\000\040\000\050\0003\0006\000\051}{appendix.B}% 154
\BOOKMARK [2][-]{subsection.B.2}{\376\377\000C\000o\000l\000l\000e\000c\000t\000i\000o\000n\000\040\000M\000e\000t\000h\000o\000d\000s\000\040\000\050\0003\0001\000\051}{appendix.B}% 155
\BOOKMARK [1][-]{appendix.C}{\376\377\000J\000j\000T\000L\000\040\000T\000o\000k\000e\000n\000\040\000T\000y\000p\000e\000s}{}% 156
